// Jest Snapshot v1, https://goo.gl/fbAQLP

exports[`Authentication.vue should render 1`] = `
<div>
  <div>
    <div class="pt-6"><img src="../assets/images/condorcet.jpg" class="rounded-full h-40 w-40 mx-auto"></div>
    <h1 class="mt-4 text-center text-3xl">Condorcet</h1>
    <div class="mt-12 text-center">Acceder à l'application via :</div>
    <div class="mt-2 flex justify-center"><button data-testid="google-button" class="mx-1 bg-transparent hover:bg-blue-500 text-blue-700 font-semibold hover:text-white py-2 px-4 border border-blue-500 hover:border-transparent rounded">
        Google
      </button> <button data-testid="github-button" class="mx-1 bg-transparent hover:bg-blue-500 text-blue-700 font-semibold hover:text-white py-2 px-4 border border-blue-500 hover:border-transparent rounded">
        Github
      </button> <button data-testid="facebook-button" class="mx-1 bg-transparent hover:bg-blue-500 text-blue-700 font-semibold hover:text-white py-2 px-4 border border-blue-500 hover:border-transparent rounded">
        Facebook
      </button></div>
  </div>
  <div class="mt-12">
    <h4 class="text-2xl text-center">Quelles sont les règles ?</h4>
    <ul class="mt-1 px-5 list-disc list-inside">
      <li>Chaque votant classe les alternatives par ordre de préférence</li>
      <li>On organise des duels entre toutes les alternatives</li>
      <li>Celui qui remporte le plus de duels est déclaré gagnant</li>
    </ul>
  </div>
  <div class="mt-12">
    <h4 class="text-2xl text-center">Vidéos qui en parlent</h4>
    <div class="mt-1 flex flex-col flex-wrap sm:flex-row justify-around">
      <div class="sm:w-1/2 lg:w-1/4">
        <div class="h-56 m-2"><iframe width="100%" height="100%" src="https://www.youtube.com/embed/vfTJ4vmIsO4?start=260" frameborder="0" allow="accelerometer; autoplay; encrypted-media; gyroscope; picture-in-picture" allowfullscreen="allowfullscreen"></iframe></div>
      </div>
      <div class="sm:w-1/2 lg:w-1/4">
        <div class="h-56 m-2"><iframe width="100%" height="100%" src="https://www.youtube.com/embed/hI89r4LqaCc" frameborder="0" allow="accelerometer; autoplay; encrypted-media; gyroscope; picture-in-picture" allowfullscreen="allowfullscreen"></iframe></div>
      </div>
      <div class="sm:w-1/2 lg:w-1/4">
        <div class="h-56 m-2"><iframe width="100%" height="100%" src="https://www.youtube.com/embed/wKimU8jy2a8" frameborder="0" allow="accelerometer; autoplay; encrypted-media; gyroscope; picture-in-picture" allowfullscreen="allowfullscreen"></iframe></div>
      </div>
      <div class="sm:w-1/2 lg:w-1/4">
        <div class="h-56 m-2"><iframe width="100%" height="100%" src="https://www.youtube.com/embed/ZoGH7d51bvc?start=534" frameborder="0" allow="accelerometer; autoplay; encrypted-media; gyroscope; picture-in-picture" allowfullscreen="allowfullscreen"></iframe></div>
      </div>
    </div>
  </div>
</div>
`;
