// Jest Snapshot v1, https://goo.gl/fbAQLP

exports[`PollCreation.vue should render 1`] = `
<form autocomplete="off" class="w-full pt-4">
  <div class="flex flex-wrap -mx-3 mb-6">
    <div class="w-full md:w-1/2 px-3 mb-6 md:mb-0"><label for="question" class="block uppercase tracking-wide text-gray-700 text-xs font-bold mb-2">Question *</label> <input id="question" data-testid="form-question" type="text" class="appearance-none block w-full bg-gray-200 text-gray-700 border rounded py-3 px-4 mb-3 leading-tight focus:outline-none focus:bg-white"> <label for="description" class="block uppercase tracking-wide text-gray-700 text-xs font-bold mb-2">Descritpion</label> <textarea data-testid="form-description" class="appearance-none block w-full bg-gray-200 text-gray-700 border rounded py-3 px-4 mb-3 leading-tight focus:outline-none focus:bg-white"></textarea>
      <div class="md:flex md:items-center mb-6"><label for="description" class="block uppercase tracking-wide text-gray-700 text-xs font-bold mb-2">Rendre le scrutin public ?</label> <input id="isPublic" data-testid="form-isPublic" type="checkbox" name="isPublic" class="mr-2 leading-tight"> <label for="isPublic" class="md:w-2/3 block text-gray-500 font-bold inline-block"><span class="text-sm">Non</span></label></div>
    </div>
    <div class="w-full md:w-1/2 px-3"><label for="answer" class="block uppercase tracking-wide text-gray-700 text-xs font-bold mb-2">Ajouter une réponse *</label>
      <div class="flex"><input id="answer" data-testid="form-answer" type="text" class="appearance-none block w-full bg-gray-200 text-gray-700 border border-gray-200 rounded py-3 px-4 leading-tight focus:outline-none focus:bg-white focus:border-gray-500"> <button data-testid="form-addAnswer" class="bg-blue-500 hover:bg-blue-700 text-white font-bold py-2 px-4">
          Ajouter
        </button></div>
      <ul class="list-disc mt-6 ml-10"></ul>
    </div>
    <div class="w-full mt-4 px-3 flex justify-center"><button data-testid="form-submit" disabled="disabled" class="w-1/3 bg-blue-500 hover:bg-blue-700 text-white font-bold py-2 px-4 rounded opacity-50 cursor-not-allowed">
        Créer
      </button></div>
  </div>
</form>
`;
