// Jest Snapshot v1, https://goo.gl/fbAQLP

exports[`PollsList.vue should render with message saying there is no polls 1`] = `
<loader-stub>
  <empty-stub text="Tu n'a pas encore de scrutin." actiontext="Créer un scrutin" to="/polls/new"></empty-stub>
  <div class="flex">
    <div class="flex flex-wrap w-full">
      <div class="w-full md:w-1/2 lg:w-1/3 py-2">
        <card-stub question="Qui est le meilleur ?" description="Qui repellendus est aliquam vel qui." id="MOCK_POLL_ID" userid="MOCK_USER_ID" owner="MOCK_USER_ID" isactive="true" users="MOCK_USER_ID" answers="[object Object],[object Object],[object Object]" ispublic="true" timestamp="[object Object]" token="MOCK_TOKEN" class="md:mx-2"></card-stub>
      </div>
    </div>
  </div>
</loader-stub>
`;

exports[`PollsList.vue should render with one poll 1`] = `
<loader-stub>
  <empty-stub text="Tu n'a pas encore de scrutin." actiontext="Créer un scrutin" to="/polls/new"></empty-stub>
  <div class="flex">
    <div class="flex flex-wrap w-full">
      <div class="w-full md:w-1/2 lg:w-1/3 py-2">
        <card-stub question="Qui est le meilleur ?" description="Qui repellendus est aliquam vel qui." id="MOCK_POLL_ID" userid="MOCK_USER_ID" owner="MOCK_USER_ID" isactive="true" users="MOCK_USER_ID" answers="[object Object],[object Object],[object Object]" ispublic="true" timestamp="[object Object]" token="MOCK_TOKEN" class="md:mx-2"></card-stub>
      </div>
    </div>
  </div>
</loader-stub>
`;
