// Jest Snapshot v1, https://goo.gl/fbAQLP

exports[`PollResult.vue should render 1`] = `
<div>
  <!---->
  <div>
    Merci de recharger la page
  </div>
</div>
`;
