// Jest Snapshot v1, https://goo.gl/fbAQLP

exports[`PollJoin.vue should render 1`] = `
<loader-stub processing="true">
  <div class="flex flex-col justify-center items-center h-full">
    <div class="text-2xl text-center w-full">Tu as rejoint le scrutin :</div>
    <div class="text-xl text-center w-full"></div>
  </div>
</loader-stub>
`;
