// Jest Snapshot v1, https://goo.gl/fbAQLP

exports[`PublicPolls.vue should render 1`] = `
<loader-stub>
  <empty-stub text="Il n'y a pas de scrutins publics disponibles." actiontext="CrÃ©er un scrutin" to="/polls/new"></empty-stub>
  <div class="flex flex-wrap">
    <div class="w-full md:w-1/2 lg:w-1/3 py-2">
      <card-stub id="MOCK_POLL_ID" userid="MOCK_USER_ID" description="Qui repellendus est aliquam vel qui." question="Qui est le meilleur ?" owner="MOCK_USER_ID" isactive="true" users="MOCK_USER_ID" is-joinable="true" answers="[object Object],[object Object],[object Object]" ispublic="true" timestamp="[object Object]" token="MOCK_TOKEN" class="md:mx-2"></card-stub>
    </div>
  </div>
</loader-stub>
`;
