// Jest Snapshot v1, https://goo.gl/fbAQLP

exports[`App.vue should render 1`] = `
<div class="bg-gray-100 text-gray-800 min-h-screen lg:pb-4">
  <navbar-stub></navbar-stub>
  <div class="container mx-auto pt-4 px-4 h-content pb-4 sm:pb-0 lg:pt-24">
    <notifications-stub notifications=""></notifications-stub>
    <router-view-stub name="fade" mode="out-in"></router-view-stub>
  </div>
</div>
`;
