// Jest Snapshot v1, https://goo.gl/fbAQLP

exports[`Card.vue should render when there is no notifications 1`] = `
<div class="rounded overflow-hidden shadow-md" answers="[object Object],[object Object],[object Object]" ispublic="true" timestamp="[object Object]" token="MOCK_TOKEN">
  <div class="px-6 py-4">
    <div class="font-bold text-xl mb-3">Qui est le meilleur ?</div>
    <p class="text-gray-700 text-lg mb-2">

    </p>
    <p class="text-gray-700 text-base">Qui repellendus est aliquam vel qui.</p>
  </div>
  <div class="flex justify-between flex-wrap px-6 py-4">
    <router-link-stub data-testid="vote-Qui-est-le-meilleur" tag="button" to="[object Object]" class="bg-blue-500 hover:bg-blue-700 text-white font-bold py-2 px-4 rounded w-full my-1">Voter</router-link-stub> <button class="bg-yellow-500 hover:bg-yellow-700 text-white font-bold py-2 px-4 rounded w-full my-1">
      Partager
    </button> <button data-testid="close-Qui-est-le-meilleur" class="bg-green-500 hover:bg-green-700 text-white font-bold py-2 px-4 rounded w-full my-1">
      Fermer
    </button>
    <!---->
    <!----> <button data-testid="delete" class="bg-red-500 hover:bg-red-700 text-white font-bold py-2 px-4 rounded w-full my-1">
      Supprimer
    </button>
  </div>
</div>
`;
