// Jest Snapshot v1, https://goo.gl/fbAQLP

exports[`Empty.vue should not render if condition is falsy 1`] = ``;

exports[`Empty.vue should render if condition is truthy 1`] = `
<div class="flex flex-col justify-center items-center h-full">
  <div class="text-xl">
    Smaug
  </div>
  <div class="mt-4">
    <router-link-stub to="/polls/new" class="bg-blue-500 hover:bg-blue-700 text-white font-bold py-2 px-4 rounded">Create Smaug</router-link-stub>
  </div>
</div>
`;
